// Jest Snapshot v1, https://goo.gl/fbAQLP

exports[`render translated message 1`] = `
<View>
  <TextInput
    allowFontScaling={true}
    placeholder="Escriba su nombre"
  />
</View>
`;
