// Jest Snapshot v1, https://goo.gl/fbAQLP

exports[`render translated message 1`] = `
<View>
  <TextInput
    allowFontScaling={true}
    palceholder="indicio de un campo de texto"
  />
</View>
`;
